
ahn30@DESKTOP-7BI9T50 MINGW64 /c/STUDY_JS (master)
$ git init
Reinitialized existing Git repository in C:/STUDY_JS/.git/

ahn30@DESKTOP-7BI9T50 MINGW64 /c/STUDY_JS (master)
$ git remote add origin






usage: git remote add [<options>] <name> <url>

    -f, --fetch           fetch the remote branches
    --tags                import all tags and associated objects when fetching
                          or do not fetch any tag at all (--no-tags)
    -t, --track <branch>  branch(es) to track
    -m, --master <branch>
                          master branch
    --mirror[=(push|fetch)]
                          set up remote as a mirror to push to or fetch from


ahn30@DESKTOP-7BI9T50 MINGW64 /c/STUDY_JS (master)
$

ahn30@DESKTOP-7BI9T50 MINGW64 /c/STUDY_JS (master)
$

ahn30@DESKTOP-7BI9T50 MINGW64 /c/STUDY_JS (master)
$

ahn30@DESKTOP-7BI9T50 MINGW64 /c/STUDY_JS (master)
$

ahn30@DESKTOP-7BI9T50 MINGW64 /c/STUDY_JS (master)
$

ahn30@DESKTOP-7BI9T50 MINGW64 /c/STUDY_JS (master)
$

ahn30@DESKTOP-7BI9T50 MINGW64 /c/STUDY_JS (master)
$ git status
On branch master

No commits yet

Changes to be committed:
  (use "git rm --cached <file>..." to unstage)
        new file:   initial

Untracked files:
  (use "git add <file>..." to include in what will be committed)
        gitTest.txt.txt
        index.css
        index.html
        index.js


ahn30@DESKTOP-7BI9T50 MINGW64 /c/STUDY_JS (master)
$ git add .

ahn30@DESKTOP-7BI9T50 MINGW64 /c/STUDY_JS (master)
$ git status
On branch master

No commits yet

Changes to be committed:
  (use "git rm --cached <file>..." to unstage)
        new file:   gitTest.txt.txt
        new file:   index.css
        new file:   index.html
        new file:   index.js
        new file:   initial


ahn30@DESKTOP-7BI9T50 MINGW64 /c/STUDY_JS (master)
$ git commit -m "hello gitbub"

*** Please tell me who you are.

Run

  git config --global user.email "you@example.com"
  git config --global user.name "Your Name"

to set your account's default identity.
Omit --global to set the identity only in this repository.

fatal: unable to auto-detect email address (got 'ahn30@DESKTOP-7BI9T50.(none)')

ahn30@DESKTOP-7BI9T50 MINGW64 /c/STUDY_JS (master)
$ git commit -m "second"

*** Please tell me who you are.

Run

  git config --global user.email "you@example.com"
  git config --global user.name "Your Name"

to set your account's default identity.
Omit --global to set the identity only in this repository.

fatal: unable to auto-detect email address (got 'ahn30@DESKTOP-7BI9T50.(none)')

ahn30@DESKTOP-7BI9T50 MINGW64 /c/STUDY_JS (master)
$ ^C

ahn30@DESKTOP-7BI9T50 MINGW64 /c/STUDY_JS (master)
$ git push origin master
error: src refspec master does not match any
error: failed to push some refs to 'https://github.com/ahn300/STUDY_JS.git'

ahn30@DESKTOP-7BI9T50 MINGW64 /c/STUDY_JS (master)
$ git config --global user.email "ahn300@gmail.com"

ahn30@DESKTOP-7BI9T50 MINGW64 /c/STUDY_JS (master)
$ git commit -m "second"
[master (root-commit) 0c56e3e] second
 5 files changed, 55 insertions(+)
 create mode 100644 gitTest.txt.txt
 create mode 100644 index.css
 create mode 100644 index.html
 create mode 100644 index.js
 create mode 100644 initial

ahn30@DESKTOP-7BI9T50 MINGW64 /c/STUDY_JS (master)
$ git push origin master
Enumerating objects: 6, done.
Counting objects: 100% (6/6), done.
Delta compression using up to 8 threads
Compressing objects: 100% (5/5), done.
Writing objects: 100% (6/6), 906 bytes | 302.00 KiB/s, done.
Total 6 (delta 0), reused 0 (delta 0)
To https://github.com/ahn300/STUDY_JS.git
 * [new branch]      master -> master

ahn30@DESKTOP-7BI9T50 MINGW64 /c/STUDY_JS (master)
$
